------------------------------------------------------------
Timing Analyzer Summary
------------------------------------------------------------

Type  : Slow 1200mV 85C Model Setup 'clkmodifier:M0|clk25'
Slack : -3.884
TNS   : -553.047

Type  : Slow 1200mV 85C Model Setup 'clk'
Slack : -0.686
TNS   : -0.686

Type  : Slow 1200mV 85C Model Hold 'clkmodifier:M0|clk25'
Slack : 0.341
TNS   : 0.000

Type  : Slow 1200mV 85C Model Hold 'clk'
Slack : 0.644
TNS   : 0.000

Type  : Slow 1200mV 85C Model Minimum Pulse Width 'clk'
Slack : -3.000
TNS   : -4.403

Type  : Slow 1200mV 85C Model Minimum Pulse Width 'clkmodifier:M0|clk25'
Slack : -1.403
TNS   : -273.585

Type  : Slow 1200mV 0C Model Setup 'clkmodifier:M0|clk25'
Slack : -3.461
TNS   : -490.517

Type  : Slow 1200mV 0C Model Setup 'clk'
Slack : -0.485
TNS   : -0.485

Type  : Slow 1200mV 0C Model Hold 'clkmodifier:M0|clk25'
Slack : 0.306
TNS   : 0.000

Type  : Slow 1200mV 0C Model Hold 'clk'
Slack : 0.478
TNS   : 0.000

Type  : Slow 1200mV 0C Model Minimum Pulse Width 'clk'
Slack : -3.000
TNS   : -4.403

Type  : Slow 1200mV 0C Model Minimum Pulse Width 'clkmodifier:M0|clk25'
Slack : -1.403
TNS   : -273.585

Type  : Fast 1200mV 0C Model Setup 'clkmodifier:M0|clk25'
Slack : -1.013
TNS   : -119.027

Type  : Fast 1200mV 0C Model Setup 'clk'
Slack : -0.169
TNS   : -0.169

Type  : Fast 1200mV 0C Model Hold 'clkmodifier:M0|clk25'
Slack : 0.147
TNS   : 0.000

Type  : Fast 1200mV 0C Model Hold 'clk'
Slack : 0.413
TNS   : 0.000

Type  : Fast 1200mV 0C Model Minimum Pulse Width 'clk'
Slack : -3.000
TNS   : -4.082

Type  : Fast 1200mV 0C Model Minimum Pulse Width 'clkmodifier:M0|clk25'
Slack : -1.000
TNS   : -195.000

------------------------------------------------------------
