------------------------------------------------------------
Timing Analyzer Summary
------------------------------------------------------------

Type  : Slow 1200mV 85C Model Setup 'clkmodifier:M0|clk25'
Slack : -3.531
TNS   : -490.842

Type  : Slow 1200mV 85C Model Setup 'clk'
Slack : -0.941
TNS   : -0.941

Type  : Slow 1200mV 85C Model Hold 'clkmodifier:M0|clk25'
Slack : 0.340
TNS   : 0.000

Type  : Slow 1200mV 85C Model Hold 'clk'
Slack : 0.824
TNS   : 0.000

Type  : Slow 1200mV 85C Model Minimum Pulse Width 'clk'
Slack : -3.000
TNS   : -4.403

Type  : Slow 1200mV 85C Model Minimum Pulse Width 'clkmodifier:M0|clk25'
Slack : -1.403
TNS   : -273.585

Type  : Slow 1200mV 0C Model Setup 'clkmodifier:M0|clk25'
Slack : -3.179
TNS   : -431.163

Type  : Slow 1200mV 0C Model Setup 'clk'
Slack : -0.815
TNS   : -0.815

Type  : Slow 1200mV 0C Model Hold 'clkmodifier:M0|clk25'
Slack : 0.305
TNS   : 0.000

Type  : Slow 1200mV 0C Model Hold 'clk'
Slack : 0.739
TNS   : 0.000

Type  : Slow 1200mV 0C Model Minimum Pulse Width 'clk'
Slack : -3.000
TNS   : -4.403

Type  : Slow 1200mV 0C Model Minimum Pulse Width 'clkmodifier:M0|clk25'
Slack : -1.403
TNS   : -273.585

Type  : Fast 1200mV 0C Model Setup 'clkmodifier:M0|clk25'
Slack : -0.911
TNS   : -94.803

Type  : Fast 1200mV 0C Model Setup 'clk'
Slack : -0.095
TNS   : -0.095

Type  : Fast 1200mV 0C Model Hold 'clkmodifier:M0|clk25'
Slack : 0.148
TNS   : 0.000

Type  : Fast 1200mV 0C Model Hold 'clk'
Slack : 0.303
TNS   : 0.000

Type  : Fast 1200mV 0C Model Minimum Pulse Width 'clk'
Slack : -3.000
TNS   : -4.024

Type  : Fast 1200mV 0C Model Minimum Pulse Width 'clkmodifier:M0|clk25'
Slack : -1.000
TNS   : -195.000

------------------------------------------------------------
